// Jest Snapshot v1, https://goo.gl/fbAQLP

exports[`RenderWithProviders renders children with providers 1`] = `
<DocumentFragment>
  <div>
    <p>
      Mocked Content
    </p>
  </div>
</DocumentFragment>
`;

exports[`RenderWithProviders renders children with providers and initial state 1`] = `
<DocumentFragment>
  <div>
    <p>
      Mocked Content
    </p>
  </div>
</DocumentFragment>
`;
